
    ╔════════════════════════════════════════════════╗
    ║      Kafka CDC Producer - Project 2           ║
    ║                                                ║
    ║  Monitors emp_cdc table and sends changes     ║
    ║  to Kafka for real-time data synchronization  ║
    ╚════════════════════════════════════════════════╝
    
============================================================
  CDC Producer Initialized
============================================================
Kafka: localhost:29092
Topic: bf_employee_cdc
Offset File: cdc_offset.txt
============================================================

🚀 Producer starting...
⏰ Polling interval: 5 seconds
Press Ctrl+C to stop

📝 No offset file found, starting from 0
📊 Fetched 9 CDC records (action_id 1 to 9)
📦 Processing 9 records...
✅ Batch complete. Last action_id: 9
📖 Loaded offset: 9
😴 No new CDC records, waiting 5s...
📖 Loaded offset: 9
😴 No new CDC records, waiting 5s...
📖 Loaded offset: 9
😴 No new CDC records, waiting 5s...
📖 Loaded offset: 9
😴 No new CDC records, waiting 5s...
📖 Loaded offset: 9
😴 No new CDC records, waiting 5s...
📖 Loaded offset: 9
😴 No new CDC records, waiting 5s...
📖 Loaded offset: 9
😴 No new CDC records, waiting 5s...
📖 Loaded offset: 9
😴 No new CDC records, waiting 5s...
📖 Loaded offset: 9
😴 No new CDC records, waiting 5s...
📖 Loaded offset: 9
😴 No new CDC records, waiting 5s...
📖 Loaded offset: 9
😴 No new CDC records, waiting 5s...
📖 Loaded offset: 9
😴 No new CDC records, waiting 5s...
📖 Loaded offset: 9
😴 No new CDC records, waiting 5s...
📖 Loaded offset: 9
😴 No new CDC records, waiting 5s...
📖 Loaded offset: 9
😴 No new CDC records, waiting 5s...
📖 Loaded offset: 9
😴 No new CDC records, waiting 5s...
📖 Loaded offset: 9
😴 No new CDC records, waiting 5s...
📖 Loaded offset: 9
😴 No new CDC records, waiting 5s...
📖 Loaded offset: 9
😴 No new CDC records, waiting 5s...
📖 Loaded offset: 9
😴 No new CDC records, waiting 5s...
📖 Loaded offset: 9
😴 No new CDC records, waiting 5s...
📖 Loaded offset: 9
😴 No new CDC records, waiting 5s...
📖 Loaded offset: 9
😴 No new CDC records, waiting 5s...
📖 Loaded offset: 9
😴 No new CDC records, waiting 5s...
📖 Loaded offset: 9
😴 No new CDC records, waiting 5s...
📖 Loaded offset: 9
😴 No new CDC records, waiting 5s...
📖 Loaded offset: 9
😴 No new CDC records, waiting 5s...
📖 Loaded offset: 9
😴 No new CDC records, waiting 5s...
📖 Loaded offset: 9
😴 No new CDC records, waiting 5s...
📖 Loaded offset: 9
😴 No new CDC records, waiting 5s...
📖 Loaded offset: 9
😴 No new CDC records, waiting 5s...
📖 Loaded offset: 9
😴 No new CDC records, waiting 5s...
📖 Loaded offset: 9
😴 No new CDC records, waiting 5s...
📖 Loaded offset: 9
😴 No new CDC records, waiting 5s...
📖 Loaded offset: 9
😴 No new CDC records, waiting 5s...
📖 Loaded offset: 9
😴 No new CDC records, waiting 5s...
📖 Loaded offset: 9
😴 No new CDC records, waiting 5s...
📖 Loaded offset: 9
😴 No new CDC records, waiting 5s...
📖 Loaded offset: 9
😴 No new CDC records, waiting 5s...
📖 Loaded offset: 9
😴 No new CDC records, waiting 5s...
📖 Loaded offset: 9
😴 No new CDC records, waiting 5s...
📖 Loaded offset: 9
😴 No new CDC records, waiting 5s...
📖 Loaded offset: 9
😴 No new CDC records, waiting 5s...
📖 Loaded offset: 9
😴 No new CDC records, waiting 5s...
📖 Loaded offset: 9
😴 No new CDC records, waiting 5s...
📖 Loaded offset: 9
😴 No new CDC records, waiting 5s...
📖 Loaded offset: 9
😴 No new CDC records, waiting 5s...
📖 Loaded offset: 9
😴 No new CDC records, waiting 5s...
📖 Loaded offset: 9
😴 No new CDC records, waiting 5s...
📖 Loaded offset: 9
😴 No new CDC records, waiting 5s...
📖 Loaded offset: 9
😴 No new CDC records, waiting 5s...
📖 Loaded offset: 9
😴 No new CDC records, waiting 5s...
📖 Loaded offset: 9
😴 No new CDC records, waiting 5s...
📖 Loaded offset: 9
😴 No new CDC records, waiting 5s...
📖 Loaded offset: 9
😴 No new CDC records, waiting 5s...
📖 Loaded offset: 9
😴 No new CDC records, waiting 5s...
📖 Loaded offset: 9
😴 No new CDC records, waiting 5s...
📖 Loaded offset: 9
😴 No new CDC records, waiting 5s...
📖 Loaded offset: 9
😴 No new CDC records, waiting 5s...
📖 Loaded offset: 9
😴 No new CDC records, waiting 5s...
📖 Loaded offset: 9
😴 No new CDC records, waiting 5s...
📖 Loaded offset: 9
😴 No new CDC records, waiting 5s...
📖 Loaded offset: 9
😴 No new CDC records, waiting 5s...
📖 Loaded offset: 9
😴 No new CDC records, waiting 5s...
📖 Loaded offset: 9
😴 No new CDC records, waiting 5s...
📖 Loaded offset: 9
😴 No new CDC records, waiting 5s...
📖 Loaded offset: 9
😴 No new CDC records, waiting 5s...
📖 Loaded offset: 9
😴 No new CDC records, waiting 5s...
📖 Loaded offset: 9
😴 No new CDC records, waiting 5s...
📖 Loaded offset: 9
😴 No new CDC records, waiting 5s...
📖 Loaded offset: 9
😴 No new CDC records, waiting 5s...
📖 Loaded offset: 9
📊 Fetched 1 CDC records (action_id 10 to 10)
📦 Processing 1 records...
✅ Batch complete. Last action_id: 10
📖 Loaded offset: 10
😴 No new CDC records, waiting 5s...
📖 Loaded offset: 10
😴 No new CDC records, waiting 5s...
📖 Loaded offset: 10
😴 No new CDC records, waiting 5s...
📖 Loaded offset: 10
😴 No new CDC records, waiting 5s...
📖 Loaded offset: 10
😴 No new CDC records, waiting 5s...
📖 Loaded offset: 10
😴 No new CDC records, waiting 5s...
📖 Loaded offset: 10
😴 No new CDC records, waiting 5s...
📖 Loaded offset: 10
😴 No new CDC records, waiting 5s...
📖 Loaded offset: 10
😴 No new CDC records, waiting 5s...
📖 Loaded offset: 10
😴 No new CDC records, waiting 5s...
📖 Loaded offset: 10
😴 No new CDC records, waiting 5s...
📖 Loaded offset: 10
😴 No new CDC records, waiting 5s...
📖 Loaded offset: 10
😴 No new CDC records, waiting 5s...
📖 Loaded offset: 10
😴 No new CDC records, waiting 5s...
📖 Loaded offset: 10
😴 No new CDC records, waiting 5s...
📖 Loaded offset: 10
😴 No new CDC records, waiting 5s...
📖 Loaded offset: 10
😴 No new CDC records, waiting 5s...
📖 Loaded offset: 10
😴 No new CDC records, waiting 5s...
📖 Loaded offset: 10
😴 No new CDC records, waiting 5s...
📖 Loaded offset: 10
😴 No new CDC records, waiting 5s...
📖 Loaded offset: 10
😴 No new CDC records, waiting 5s...
📖 Loaded offset: 10
😴 No new CDC records, waiting 5s...
📖 Loaded offset: 10
📊 Fetched 1 CDC records (action_id 11 to 11)
📦 Processing 1 records...
✅ Batch complete. Last action_id: 11
📖 Loaded offset: 11
😴 No new CDC records, waiting 5s...
📖 Loaded offset: 11
😴 No new CDC records, waiting 5s...
📖 Loaded offset: 11
😴 No new CDC records, waiting 5s...
📖 Loaded offset: 11
😴 No new CDC records, waiting 5s...
📖 Loaded offset: 11
😴 No new CDC records, waiting 5s...
📖 Loaded offset: 11
😴 No new CDC records, waiting 5s...
📖 Loaded offset: 11
😴 No new CDC records, waiting 5s...
📖 Loaded offset: 11
😴 No new CDC records, waiting 5s...
📖 Loaded offset: 11
😴 No new CDC records, waiting 5s...
📖 Loaded offset: 11
😴 No new CDC records, waiting 5s...
📖 Loaded offset: 11
😴 No new CDC records, waiting 5s...
📖 Loaded offset: 11
😴 No new CDC records, waiting 5s...
📖 Loaded offset: 11
😴 No new CDC records, waiting 5s...
📖 Loaded offset: 11
😴 No new CDC records, waiting 5s...
📖 Loaded offset: 11
😴 No new CDC records, waiting 5s...
📖 Loaded offset: 11
😴 No new CDC records, waiting 5s...
📖 Loaded offset: 11
😴 No new CDC records, waiting 5s...
📖 Loaded offset: 11
😴 No new CDC records, waiting 5s...
📖 Loaded offset: 11
😴 No new CDC records, waiting 5s...
📖 Loaded offset: 11
😴 No new CDC records, waiting 5s...
📖 Loaded offset: 11
😴 No new CDC records, waiting 5s...
📖 Loaded offset: 11
😴 No new CDC records, waiting 5s...
📖 Loaded offset: 11
😴 No new CDC records, waiting 5s...
📖 Loaded offset: 11
😴 No new CDC records, waiting 5s...
📖 Loaded offset: 11
😴 No new CDC records, waiting 5s...
📖 Loaded offset: 11
😴 No new CDC records, waiting 5s...
📖 Loaded offset: 11
😴 No new CDC records, waiting 5s...
📖 Loaded offset: 11
😴 No new CDC records, waiting 5s...
📖 Loaded offset: 11
😴 No new CDC records, waiting 5s...
📖 Loaded offset: 11
😴 No new CDC records, waiting 5s...
📖 Loaded offset: 11
😴 No new CDC records, waiting 5s...
📖 Loaded offset: 11
😴 No new CDC records, waiting 5s...
📖 Loaded offset: 11
😴 No new CDC records, waiting 5s...
📖 Loaded offset: 11
😴 No new CDC records, waiting 5s...
📖 Loaded offset: 11
😴 No new CDC records, waiting 5s...
📖 Loaded offset: 11
😴 No new CDC records, waiting 5s...
📖 Loaded offset: 11
😴 No new CDC records, waiting 5s...
📖 Loaded offset: 11
😴 No new CDC records, waiting 5s...
📖 Loaded offset: 11
😴 No new CDC records, waiting 5s...
📖 Loaded offset: 11
😴 No new CDC records, waiting 5s...
📖 Loaded offset: 11
😴 No new CDC records, waiting 5s...
📖 Loaded offset: 11
😴 No new CDC records, waiting 5s...
📖 Loaded offset: 11
😴 No new CDC records, waiting 5s...
📖 Loaded offset: 11
😴 No new CDC records, waiting 5s...
📖 Loaded offset: 11
😴 No new CDC records, waiting 5s...
📖 Loaded offset: 11
😴 No new CDC records, waiting 5s...
📖 Loaded offset: 11
😴 No new CDC records, waiting 5s...
📖 Loaded offset: 11
😴 No new CDC records, waiting 5s...
📖 Loaded offset: 11
😴 No new CDC records, waiting 5s...
📖 Loaded offset: 11
😴 No new CDC records, waiting 5s...
📖 Loaded offset: 11
😴 No new CDC records, waiting 5s...
📖 Loaded offset: 11
😴 No new CDC records, waiting 5s...
📖 Loaded offset: 11
😴 No new CDC records, waiting 5s...
📖 Loaded offset: 11
😴 No new CDC records, waiting 5s...
📖 Loaded offset: 11
😴 No new CDC records, waiting 5s...
📖 Loaded offset: 11
😴 No new CDC records, waiting 5s...
📖 Loaded offset: 11
😴 No new CDC records, waiting 5s...
📖 Loaded offset: 11
😴 No new CDC records, waiting 5s...
📖 Loaded offset: 11
😴 No new CDC records, waiting 5s...
📖 Loaded offset: 11
😴 No new CDC records, waiting 5s...
📖 Loaded offset: 11
😴 No new CDC records, waiting 5s...
📖 Loaded offset: 11
😴 No new CDC records, waiting 5s...
📖 Loaded offset: 11
😴 No new CDC records, waiting 5s...
📖 Loaded offset: 11
😴 No new CDC records, waiting 5s...
📖 Loaded offset: 11
😴 No new CDC records, waiting 5s...
📖 Loaded offset: 11
😴 No new CDC records, waiting 5s...
📖 Loaded offset: 11
😴 No new CDC records, waiting 5s...
📖 Loaded offset: 11
😴 No new CDC records, waiting 5s...
📖 Loaded offset: 11
😴 No new CDC records, waiting 5s...
📖 Loaded offset: 11
😴 No new CDC records, waiting 5s...
📖 Loaded offset: 11
😴 No new CDC records, waiting 5s...
📖 Loaded offset: 11
😴 No new CDC records, waiting 5s...
📖 Loaded offset: 11
😴 No new CDC records, waiting 5s...
📖 Loaded offset: 11
😴 No new CDC records, waiting 5s...
📖 Loaded offset: 11
😴 No new CDC records, waiting 5s...
📖 Loaded offset: 11
😴 No new CDC records, waiting 5s...
📖 Loaded offset: 11
😴 No new CDC records, waiting 5s...
📖 Loaded offset: 11
😴 No new CDC records, waiting 5s...
📖 Loaded offset: 11
😴 No new CDC records, waiting 5s...
📖 Loaded offset: 11
😴 No new CDC records, waiting 5s...
📖 Loaded offset: 11
😴 No new CDC records, waiting 5s...
📖 Loaded offset: 11
😴 No new CDC records, waiting 5s...
📖 Loaded offset: 11
😴 No new CDC records, waiting 5s...
📖 Loaded offset: 11
😴 No new CDC records, waiting 5s...
📖 Loaded offset: 11
😴 No new CDC records, waiting 5s...
📖 Loaded offset: 11
😴 No new CDC records, waiting 5s...
📖 Loaded offset: 11
😴 No new CDC records, waiting 5s...
📖 Loaded offset: 11
😴 No new CDC records, waiting 5s...
📖 Loaded offset: 11
😴 No new CDC records, waiting 5s...
📖 Loaded offset: 11
😴 No new CDC records, waiting 5s...
📖 Loaded offset: 11
😴 No new CDC records, waiting 5s...
📖 Loaded offset: 11
😴 No new CDC records, waiting 5s...
📖 Loaded offset: 11
😴 No new CDC records, waiting 5s...
📖 Loaded offset: 11
😴 No new CDC records, waiting 5s...
📖 Loaded offset: 11
😴 No new CDC records, waiting 5s...
📖 Loaded offset: 11
😴 No new CDC records, waiting 5s...
📖 Loaded offset: 11
😴 No new CDC records, waiting 5s...
📖 Loaded offset: 11
😴 No new CDC records, waiting 5s...
📖 Loaded offset: 11
😴 No new CDC records, waiting 5s...
📖 Loaded offset: 11
😴 No new CDC records, waiting 5s...
📖 Loaded offset: 11
😴 No new CDC records, waiting 5s...
📖 Loaded offset: 11
😴 No new CDC records, waiting 5s...
📖 Loaded offset: 11
😴 No new CDC records, waiting 5s...
📖 Loaded offset: 11
😴 No new CDC records, waiting 5s...
📖 Loaded offset: 11
😴 No new CDC records, waiting 5s...
📖 Loaded offset: 11
😴 No new CDC records, waiting 5s...
📖 Loaded offset: 11
😴 No new CDC records, waiting 5s...
📖 Loaded offset: 11
😴 No new CDC records, waiting 5s...
📖 Loaded offset: 11
😴 No new CDC records, waiting 5s...
📖 Loaded offset: 11
😴 No new CDC records, waiting 5s...
📖 Loaded offset: 11
😴 No new CDC records, waiting 5s...
📖 Loaded offset: 11
😴 No new CDC records, waiting 5s...
📖 Loaded offset: 11
😴 No new CDC records, waiting 5s...
📖 Loaded offset: 11
😴 No new CDC records, waiting 5s...
📖 Loaded offset: 11
😴 No new CDC records, waiting 5s...
📖 Loaded offset: 11
😴 No new CDC records, waiting 5s...
📖 Loaded offset: 11
😴 No new CDC records, waiting 5s...
📖 Loaded offset: 11
😴 No new CDC records, waiting 5s...
📖 Loaded offset: 11
😴 No new CDC records, waiting 5s...
📖 Loaded offset: 11
😴 No new CDC records, waiting 5s...
📖 Loaded offset: 11
😴 No new CDC records, waiting 5s...
📖 Loaded offset: 11
😴 No new CDC records, waiting 5s...
📖 Loaded offset: 11
😴 No new CDC records, waiting 5s...
📖 Loaded offset: 11
😴 No new CDC records, waiting 5s...
📖 Loaded offset: 11
😴 No new CDC records, waiting 5s...
📖 Loaded offset: 11
😴 No new CDC records, waiting 5s...
📖 Loaded offset: 11
😴 No new CDC records, waiting 5s...
📖 Loaded offset: 11
😴 No new CDC records, waiting 5s...
📖 Loaded offset: 11
😴 No new CDC records, waiting 5s...
📖 Loaded offset: 11
😴 No new CDC records, waiting 5s...
📖 Loaded offset: 11
😴 No new CDC records, waiting 5s...
📖 Loaded offset: 11
😴 No new CDC records, waiting 5s...
📖 Loaded offset: 11
😴 No new CDC records, waiting 5s...
📖 Loaded offset: 11
😴 No new CDC records, waiting 5s...
📖 Loaded offset: 11
😴 No new CDC records, waiting 5s...
📖 Loaded offset: 11
😴 No new CDC records, waiting 5s...
📖 Loaded offset: 11
😴 No new CDC records, waiting 5s...
📖 Loaded offset: 11
😴 No new CDC records, waiting 5s...
📖 Loaded offset: 11
😴 No new CDC records, waiting 5s...
📖 Loaded offset: 11
😴 No new CDC records, waiting 5s...
📖 Loaded offset: 11
😴 No new CDC records, waiting 5s...
📖 Loaded offset: 11
😴 No new CDC records, waiting 5s...
📖 Loaded offset: 11
😴 No new CDC records, waiting 5s...
📖 Loaded offset: 11
😴 No new CDC records, waiting 5s...
📖 Loaded offset: 11
😴 No new CDC records, waiting 5s...
📖 Loaded offset: 11
😴 No new CDC records, waiting 5s...
📖 Loaded offset: 11
😴 No new CDC records, waiting 5s...
📖 Loaded offset: 11
😴 No new CDC records, waiting 5s...
📖 Loaded offset: 11
😴 No new CDC records, waiting 5s...
📖 Loaded offset: 11
😴 No new CDC records, waiting 5s...
📖 Loaded offset: 11
😴 No new CDC records, waiting 5s...
📖 Loaded offset: 11
😴 No new CDC records, waiting 5s...
📖 Loaded offset: 11
😴 No new CDC records, waiting 5s...
📖 Loaded offset: 11
😴 No new CDC records, waiting 5s...
📖 Loaded offset: 11
😴 No new CDC records, waiting 5s...
📖 Loaded offset: 11
😴 No new CDC records, waiting 5s...
📖 Loaded offset: 11
😴 No new CDC records, waiting 5s...
📖 Loaded offset: 11
😴 No new CDC records, waiting 5s...
📖 Loaded offset: 11
😴 No new CDC records, waiting 5s...
📖 Loaded offset: 11
😴 No new CDC records, waiting 5s...
📖 Loaded offset: 11
😴 No new CDC records, waiting 5s...
📖 Loaded offset: 11
😴 No new CDC records, waiting 5s...
📖 Loaded offset: 11
😴 No new CDC records, waiting 5s...
📖 Loaded offset: 11
😴 No new CDC records, waiting 5s...
📖 Loaded offset: 11
😴 No new CDC records, waiting 5s...
📖 Loaded offset: 11
😴 No new CDC records, waiting 5s...
📖 Loaded offset: 11
😴 No new CDC records, waiting 5s...
📖 Loaded offset: 11
😴 No new CDC records, waiting 5s...
📖 Loaded offset: 11
😴 No new CDC records, waiting 5s...
📖 Loaded offset: 11
😴 No new CDC records, waiting 5s...
📖 Loaded offset: 11
😴 No new CDC records, waiting 5s...
📖 Loaded offset: 11
😴 No new CDC records, waiting 5s...
📖 Loaded offset: 11
😴 No new CDC records, waiting 5s...
📖 Loaded offset: 11
😴 No new CDC records, waiting 5s...
📖 Loaded offset: 11
😴 No new CDC records, waiting 5s...
📖 Loaded offset: 11
😴 No new CDC records, waiting 5s...
📖 Loaded offset: 11
😴 No new CDC records, waiting 5s...
📖 Loaded offset: 11
😴 No new CDC records, waiting 5s...
📖 Loaded offset: 11
😴 No new CDC records, waiting 5s...
📖 Loaded offset: 11
😴 No new CDC records, waiting 5s...
📖 Loaded offset: 11
😴 No new CDC records, waiting 5s...
📖 Loaded offset: 11
😴 No new CDC records, waiting 5s...
📖 Loaded offset: 11
😴 No new CDC records, waiting 5s...
📖 Loaded offset: 11
😴 No new CDC records, waiting 5s...
📖 Loaded offset: 11
😴 No new CDC records, waiting 5s...
📖 Loaded offset: 11
😴 No new CDC records, waiting 5s...
📖 Loaded offset: 11
😴 No new CDC records, waiting 5s...
📖 Loaded offset: 11
😴 No new CDC records, waiting 5s...
📖 Loaded offset: 11
😴 No new CDC records, waiting 5s...
📖 Loaded offset: 11
😴 No new CDC records, waiting 5s...
📖 Loaded offset: 11
😴 No new CDC records, waiting 5s...
📖 Loaded offset: 11
😴 No new CDC records, waiting 5s...
📖 Loaded offset: 11
😴 No new CDC records, waiting 5s...
📖 Loaded offset: 11
😴 No new CDC records, waiting 5s...
📖 Loaded offset: 11
😴 No new CDC records, waiting 5s...
📖 Loaded offset: 11
😴 No new CDC records, waiting 5s...
📖 Loaded offset: 11
😴 No new CDC records, waiting 5s...
📖 Loaded offset: 11
😴 No new CDC records, waiting 5s...
📖 Loaded offset: 11
😴 No new CDC records, waiting 5s...
📖 Loaded offset: 11
😴 No new CDC records, waiting 5s...
📖 Loaded offset: 11
😴 No new CDC records, waiting 5s...
📖 Loaded offset: 11
😴 No new CDC records, waiting 5s...
📖 Loaded offset: 11
😴 No new CDC records, waiting 5s...
📖 Loaded offset: 11
😴 No new CDC records, waiting 5s...
📖 Loaded offset: 11
😴 No new CDC records, waiting 5s...
📖 Loaded offset: 11
😴 No new CDC records, waiting 5s...
📖 Loaded offset: 11
😴 No new CDC records, waiting 5s...
📖 Loaded offset: 11
😴 No new CDC records, waiting 5s...
📖 Loaded offset: 11
😴 No new CDC records, waiting 5s...
📖 Loaded offset: 11
😴 No new CDC records, waiting 5s...
📖 Loaded offset: 11
😴 No new CDC records, waiting 5s...
📖 Loaded offset: 11
😴 No new CDC records, waiting 5s...
📖 Loaded offset: 11
😴 No new CDC records, waiting 5s...
📖 Loaded offset: 11
😴 No new CDC records, waiting 5s...
📖 Loaded offset: 11
😴 No new CDC records, waiting 5s...
📖 Loaded offset: 11
😴 No new CDC records, waiting 5s...
📖 Loaded offset: 11
😴 No new CDC records, waiting 5s...
📖 Loaded offset: 11
😴 No new CDC records, waiting 5s...
📖 Loaded offset: 11
😴 No new CDC records, waiting 5s...
📖 Loaded offset: 11
😴 No new CDC records, waiting 5s...
📖 Loaded offset: 11
😴 No new CDC records, waiting 5s...
📖 Loaded offset: 11
😴 No new CDC records, waiting 5s...
📖 Loaded offset: 11
😴 No new CDC records, waiting 5s...
📖 Loaded offset: 11
😴 No new CDC records, waiting 5s...
📖 Loaded offset: 11
😴 No new CDC records, waiting 5s...
📖 Loaded offset: 11
😴 No new CDC records, waiting 5s...
📖 Loaded offset: 11
😴 No new CDC records, waiting 5s...
📖 Loaded offset: 11
😴 No new CDC records, waiting 5s...
📖 Loaded offset: 11
😴 No new CDC records, waiting 5s...
📖 Loaded offset: 11
😴 No new CDC records, waiting 5s...
📖 Loaded offset: 11
😴 No new CDC records, waiting 5s...
📖 Loaded offset: 11
😴 No new CDC records, waiting 5s...
📖 Loaded offset: 11
😴 No new CDC records, waiting 5s...
📖 Loaded offset: 11
😴 No new CDC records, waiting 5s...
📖 Loaded offset: 11
😴 No new CDC records, waiting 5s...
📖 Loaded offset: 11
😴 No new CDC records, waiting 5s...
📖 Loaded offset: 11
😴 No new CDC records, waiting 5s...
📖 Loaded offset: 11
😴 No new CDC records, waiting 5s...
📖 Loaded offset: 11
😴 No new CDC records, waiting 5s...
📖 Loaded offset: 11
😴 No new CDC records, waiting 5s...
📖 Loaded offset: 11
😴 No new CDC records, waiting 5s...
📖 Loaded offset: 11
😴 No new CDC records, waiting 5s...
📖 Loaded offset: 11
😴 No new CDC records, waiting 5s...
📖 Loaded offset: 11
😴 No new CDC records, waiting 5s...
📖 Loaded offset: 11
😴 No new CDC records, waiting 5s...
📖 Loaded offset: 11
😴 No new CDC records, waiting 5s...
📖 Loaded offset: 11
😴 No new CDC records, waiting 5s...
📖 Loaded offset: 11
😴 No new CDC records, waiting 5s...
📖 Loaded offset: 11
😴 No new CDC records, waiting 5s...
📖 Loaded offset: 11
😴 No new CDC records, waiting 5s...
📖 Loaded offset: 11
😴 No new CDC records, waiting 5s...
📖 Loaded offset: 11
😴 No new CDC records, waiting 5s...
📖 Loaded offset: 11
😴 No new CDC records, waiting 5s...
📖 Loaded offset: 11
😴 No new CDC records, waiting 5s...
📖 Loaded offset: 11
😴 No new CDC records, waiting 5s...
📖 Loaded offset: 11
😴 No new CDC records, waiting 5s...
📖 Loaded offset: 11
😴 No new CDC records, waiting 5s...
📖 Loaded offset: 11
😴 No new CDC records, waiting 5s...
📖 Loaded offset: 11
😴 No new CDC records, waiting 5s...
📖 Loaded offset: 11
😴 No new CDC records, waiting 5s...
📖 Loaded offset: 11
😴 No new CDC records, waiting 5s...
📖 Loaded offset: 11
😴 No new CDC records, waiting 5s...
📖 Loaded offset: 11
😴 No new CDC records, waiting 5s...
📖 Loaded offset: 11
😴 No new CDC records, waiting 5s...
📖 Loaded offset: 11
😴 No new CDC records, waiting 5s...
📖 Loaded offset: 11
😴 No new CDC records, waiting 5s...
📖 Loaded offset: 11
😴 No new CDC records, waiting 5s...
📖 Loaded offset: 11
😴 No new CDC records, waiting 5s...
📖 Loaded offset: 11
😴 No new CDC records, waiting 5s...
📖 Loaded offset: 11
😴 No new CDC records, waiting 5s...
📖 Loaded offset: 11
😴 No new CDC records, waiting 5s...
📖 Loaded offset: 11
😴 No new CDC records, waiting 5s...
📖 Loaded offset: 11
😴 No new CDC records, waiting 5s...
📖 Loaded offset: 11
😴 No new CDC records, waiting 5s...
📖 Loaded offset: 11
😴 No new CDC records, waiting 5s...
📖 Loaded offset: 11
😴 No new CDC records, waiting 5s...
📖 Loaded offset: 11
😴 No new CDC records, waiting 5s...
📖 Loaded offset: 11
😴 No new CDC records, waiting 5s...
📖 Loaded offset: 11
😴 No new CDC records, waiting 5s...
📖 Loaded offset: 11
😴 No new CDC records, waiting 5s...
📖 Loaded offset: 11
😴 No new CDC records, waiting 5s...
📖 Loaded offset: 11
😴 No new CDC records, waiting 5s...
📖 Loaded offset: 11
😴 No new CDC records, waiting 5s...
📖 Loaded offset: 11
😴 No new CDC records, waiting 5s...
📖 Loaded offset: 11
😴 No new CDC records, waiting 5s...
📖 Loaded offset: 11
😴 No new CDC records, waiting 5s...
📖 Loaded offset: 11
😴 No new CDC records, waiting 5s...
📖 Loaded offset: 11
😴 No new CDC records, waiting 5s...
📖 Loaded offset: 11
😴 No new CDC records, waiting 5s...
📖 Loaded offset: 11
😴 No new CDC records, waiting 5s...
📖 Loaded offset: 11
😴 No new CDC records, waiting 5s...
📖 Loaded offset: 11
😴 No new CDC records, waiting 5s...
📖 Loaded offset: 11
😴 No new CDC records, waiting 5s...
📖 Loaded offset: 11
😴 No new CDC records, waiting 5s...
📖 Loaded offset: 11
😴 No new CDC records, waiting 5s...
📖 Loaded offset: 11
😴 No new CDC records, waiting 5s...
📖 Loaded offset: 11
😴 No new CDC records, waiting 5s...
📖 Loaded offset: 11
😴 No new CDC records, waiting 5s...
📖 Loaded offset: 11
😴 No new CDC records, waiting 5s...
📖 Loaded offset: 11
😴 No new CDC records, waiting 5s...
📖 Loaded offset: 11
😴 No new CDC records, waiting 5s...
📖 Loaded offset: 11
😴 No new CDC records, waiting 5s...
📖 Loaded offset: 11
😴 No new CDC records, waiting 5s...
📖 Loaded offset: 11
😴 No new CDC records, waiting 5s...
📖 Loaded offset: 11
😴 No new CDC records, waiting 5s...
📖 Loaded offset: 11
😴 No new CDC records, waiting 5s...
📖 Loaded offset: 11
😴 No new CDC records, waiting 5s...
📖 Loaded offset: 11
😴 No new CDC records, waiting 5s...
📖 Loaded offset: 11
😴 No new CDC records, waiting 5s...
📖 Loaded offset: 11
😴 No new CDC records, waiting 5s...
📖 Loaded offset: 11
😴 No new CDC records, waiting 5s...
📖 Loaded offset: 11
😴 No new CDC records, waiting 5s...
📖 Loaded offset: 11
😴 No new CDC records, waiting 5s...
📖 Loaded offset: 11
😴 No new CDC records, waiting 5s...
📖 Loaded offset: 11
😴 No new CDC records, waiting 5s...
📖 Loaded offset: 11
😴 No new CDC records, waiting 5s...
📖 Loaded offset: 11
😴 No new CDC records, waiting 5s...
📖 Loaded offset: 11
😴 No new CDC records, waiting 5s...
📖 Loaded offset: 11
😴 No new CDC records, waiting 5s...
📖 Loaded offset: 11
😴 No new CDC records, waiting 5s...
📖 Loaded offset: 11
😴 No new CDC records, waiting 5s...
📖 Loaded offset: 11
😴 No new CDC records, waiting 5s...
📖 Loaded offset: 11
😴 No new CDC records, waiting 5s...
📖 Loaded offset: 11
😴 No new CDC records, waiting 5s...
📖 Loaded offset: 11
😴 No new CDC records, waiting 5s...
📖 Loaded offset: 11
😴 No new CDC records, waiting 5s...
📖 Loaded offset: 11
😴 No new CDC records, waiting 5s...
📖 Loaded offset: 11
😴 No new CDC records, waiting 5s...
📖 Loaded offset: 11
😴 No new CDC records, waiting 5s...
📖 Loaded offset: 11
😴 No new CDC records, waiting 5s...
📖 Loaded offset: 11
😴 No new CDC records, waiting 5s...
📖 Loaded offset: 11
😴 No new CDC records, waiting 5s...
📖 Loaded offset: 11
😴 No new CDC records, waiting 5s...
📖 Loaded offset: 11
😴 No new CDC records, waiting 5s...
📖 Loaded offset: 11
😴 No new CDC records, waiting 5s...
📖 Loaded offset: 11
😴 No new CDC records, waiting 5s...
📖 Loaded offset: 11
😴 No new CDC records, waiting 5s...
📖 Loaded offset: 11
😴 No new CDC records, waiting 5s...
📖 Loaded offset: 11
😴 No new CDC records, waiting 5s...
📖 Loaded offset: 11
😴 No new CDC records, waiting 5s...
📖 Loaded offset: 11
😴 No new CDC records, waiting 5s...
📖 Loaded offset: 11
😴 No new CDC records, waiting 5s...
📖 Loaded offset: 11
😴 No new CDC records, waiting 5s...
📖 Loaded offset: 11
😴 No new CDC records, waiting 5s...
📖 Loaded offset: 11
😴 No new CDC records, waiting 5s...
📖 Loaded offset: 11
😴 No new CDC records, waiting 5s...
📖 Loaded offset: 11
😴 No new CDC records, waiting 5s...
📖 Loaded offset: 11
😴 No new CDC records, waiting 5s...
📖 Loaded offset: 11
😴 No new CDC records, waiting 5s...
📖 Loaded offset: 11
😴 No new CDC records, waiting 5s...
📖 Loaded offset: 11
😴 No new CDC records, waiting 5s...
📖 Loaded offset: 11
😴 No new CDC records, waiting 5s...
📖 Loaded offset: 11
😴 No new CDC records, waiting 5s...
📖 Loaded offset: 11
😴 No new CDC records, waiting 5s...
📖 Loaded offset: 11
😴 No new CDC records, waiting 5s...
📖 Loaded offset: 11
😴 No new CDC records, waiting 5s...
📖 Loaded offset: 11
😴 No new CDC records, waiting 5s...
📖 Loaded offset: 11
😴 No new CDC records, waiting 5s...
📖 Loaded offset: 11
😴 No new CDC records, waiting 5s...
📖 Loaded offset: 11
😴 No new CDC records, waiting 5s...
📖 Loaded offset: 11
😴 No new CDC records, waiting 5s...
📖 Loaded offset: 11
😴 No new CDC records, waiting 5s...
📖 Loaded offset: 11
😴 No new CDC records, waiting 5s...
📖 Loaded offset: 11
😴 No new CDC records, waiting 5s...
📖 Loaded offset: 11
😴 No new CDC records, waiting 5s...
📖 Loaded offset: 11
😴 No new CDC records, waiting 5s...
📖 Loaded offset: 11
😴 No new CDC records, waiting 5s...
📖 Loaded offset: 11
😴 No new CDC records, waiting 5s...
📖 Loaded offset: 11
😴 No new CDC records, waiting 5s...
📖 Loaded offset: 11
😴 No new CDC records, waiting 5s...
📖 Loaded offset: 11
😴 No new CDC records, waiting 5s...
📖 Loaded offset: 11
😴 No new CDC records, waiting 5s...
📖 Loaded offset: 11
😴 No new CDC records, waiting 5s...
📖 Loaded offset: 11
😴 No new CDC records, waiting 5s...
📖 Loaded offset: 11
😴 No new CDC records, waiting 5s...
📖 Loaded offset: 11
😴 No new CDC records, waiting 5s...
📖 Loaded offset: 11
😴 No new CDC records, waiting 5s...
📖 Loaded offset: 11
😴 No new CDC records, waiting 5s...
📖 Loaded offset: 11
😴 No new CDC records, waiting 5s...
📖 Loaded offset: 11
😴 No new CDC records, waiting 5s...
📖 Loaded offset: 11
😴 No new CDC records, waiting 5s...
📖 Loaded offset: 11
😴 No new CDC records, waiting 5s...
📖 Loaded offset: 11
😴 No new CDC records, waiting 5s...
📖 Loaded offset: 11
😴 No new CDC records, waiting 5s...
📖 Loaded offset: 11
😴 No new CDC records, waiting 5s...
📖 Loaded offset: 11
😴 No new CDC records, waiting 5s...
📖 Loaded offset: 11
😴 No new CDC records, waiting 5s...
📖 Loaded offset: 11
😴 No new CDC records, waiting 5s...
📖 Loaded offset: 11
😴 No new CDC records, waiting 5s...
📖 Loaded offset: 11
😴 No new CDC records, waiting 5s...
📖 Loaded offset: 11
😴 No new CDC records, waiting 5s...
📖 Loaded offset: 11
😴 No new CDC records, waiting 5s...
📖 Loaded offset: 11
😴 No new CDC records, waiting 5s...
📖 Loaded offset: 11
😴 No new CDC records, waiting 5s...
📖 Loaded offset: 11
😴 No new CDC records, waiting 5s...
📖 Loaded offset: 11
😴 No new CDC records, waiting 5s...
📖 Loaded offset: 11
😴 No new CDC records, waiting 5s...
📖 Loaded offset: 11
😴 No new CDC records, waiting 5s...
📖 Loaded offset: 11
😴 No new CDC records, waiting 5s...
📖 Loaded offset: 11
😴 No new CDC records, waiting 5s...
📖 Loaded offset: 11
😴 No new CDC records, waiting 5s...
📖 Loaded offset: 11
😴 No new CDC records, waiting 5s...
📖 Loaded offset: 11
😴 No new CDC records, waiting 5s...
📖 Loaded offset: 11
😴 No new CDC records, waiting 5s...
📖 Loaded offset: 11
😴 No new CDC records, waiting 5s...
📖 Loaded offset: 11
😴 No new CDC records, waiting 5s...
📖 Loaded offset: 11
😴 No new CDC records, waiting 5s...
📖 Loaded offset: 11
😴 No new CDC records, waiting 5s...
📖 Loaded offset: 11
😴 No new CDC records, waiting 5s...
📖 Loaded offset: 11
😴 No new CDC records, waiting 5s...
📖 Loaded offset: 11
😴 No new CDC records, waiting 5s...
📖 Loaded offset: 11
😴 No new CDC records, waiting 5s...
📖 Loaded offset: 11
😴 No new CDC records, waiting 5s...
📖 Loaded offset: 11
😴 No new CDC records, waiting 5s...
📖 Loaded offset: 11
😴 No new CDC records, waiting 5s...
📖 Loaded offset: 11
😴 No new CDC records, waiting 5s...
📖 Loaded offset: 11
😴 No new CDC records, waiting 5s...
📖 Loaded offset: 11
😴 No new CDC records, waiting 5s...
📖 Loaded offset: 11
😴 No new CDC records, waiting 5s...
📖 Loaded offset: 11
😴 No new CDC records, waiting 5s...
📖 Loaded offset: 11
😴 No new CDC records, waiting 5s...
📖 Loaded offset: 11
😴 No new CDC records, waiting 5s...
📖 Loaded offset: 11
😴 No new CDC records, waiting 5s...
📖 Loaded offset: 11
😴 No new CDC records, waiting 5s...
📖 Loaded offset: 11
😴 No new CDC records, waiting 5s...
📖 Loaded offset: 11
😴 No new CDC records, waiting 5s...
📖 Loaded offset: 11
😴 No new CDC records, waiting 5s...
📖 Loaded offset: 11
😴 No new CDC records, waiting 5s...
📖 Loaded offset: 11
😴 No new CDC records, waiting 5s...
📖 Loaded offset: 11
😴 No new CDC records, waiting 5s...
📖 Loaded offset: 11
😴 No new CDC records, waiting 5s...
📖 Loaded offset: 11
😴 No new CDC records, waiting 5s...
📖 Loaded offset: 11
😴 No new CDC records, waiting 5s...
📖 Loaded offset: 11
😴 No new CDC records, waiting 5s...
📖 Loaded offset: 11
😴 No new CDC records, waiting 5s...
📖 Loaded offset: 11
😴 No new CDC records, waiting 5s...
📖 Loaded offset: 11
😴 No new CDC records, waiting 5s...
📖 Loaded offset: 11
😴 No new CDC records, waiting 5s...
📖 Loaded offset: 11
😴 No new CDC records, waiting 5s...
📖 Loaded offset: 11
😴 No new CDC records, waiting 5s...
📖 Loaded offset: 11
😴 No new CDC records, waiting 5s...
📖 Loaded offset: 11
😴 No new CDC records, waiting 5s...
📖 Loaded offset: 11
😴 No new CDC records, waiting 5s...
📖 Loaded offset: 11
😴 No new CDC records, waiting 5s...
📖 Loaded offset: 11
😴 No new CDC records, waiting 5s...
📖 Loaded offset: 11
😴 No new CDC records, waiting 5s...
📖 Loaded offset: 11
😴 No new CDC records, waiting 5s...
📖 Loaded offset: 11
😴 No new CDC records, waiting 5s...
📖 Loaded offset: 11
😴 No new CDC records, waiting 5s...
📖 Loaded offset: 11
😴 No new CDC records, waiting 5s...
📖 Loaded offset: 11
📊 Fetched 1 CDC records (action_id 12 to 12)
📦 Processing 1 records...
✅ Batch complete. Last action_id: 12
📖 Loaded offset: 12
😴 No new CDC records, waiting 5s...
📖 Loaded offset: 12
😴 No new CDC records, waiting 5s...
📖 Loaded offset: 12
😴 No new CDC records, waiting 5s...
📖 Loaded offset: 12
😴 No new CDC records, waiting 5s...
📖 Loaded offset: 12
😴 No new CDC records, waiting 5s...
📖 Loaded offset: 12
😴 No new CDC records, waiting 5s...
📖 Loaded offset: 12
😴 No new CDC records, waiting 5s...
📖 Loaded offset: 12
😴 No new CDC records, waiting 5s...
📖 Loaded offset: 12
😴 No new CDC records, waiting 5s...
📖 Loaded offset: 12
😴 No new CDC records, waiting 5s...
📖 Loaded offset: 12
😴 No new CDC records, waiting 5s...
📖 Loaded offset: 12
😴 No new CDC records, waiting 5s...
📖 Loaded offset: 12
😴 No new CDC records, waiting 5s...
📖 Loaded offset: 12
😴 No new CDC records, waiting 5s...
📖 Loaded offset: 12
😴 No new CDC records, waiting 5s...
📖 Loaded offset: 12
😴 No new CDC records, waiting 5s...
📖 Loaded offset: 12
😴 No new CDC records, waiting 5s...
📖 Loaded offset: 12
😴 No new CDC records, waiting 5s...
📖 Loaded offset: 12
😴 No new CDC records, waiting 5s...
📖 Loaded offset: 12
😴 No new CDC records, waiting 5s...
📖 Loaded offset: 12
😴 No new CDC records, waiting 5s...
📖 Loaded offset: 12
😴 No new CDC records, waiting 5s...
📖 Loaded offset: 12
😴 No new CDC records, waiting 5s...
📖 Loaded offset: 12
😴 No new CDC records, waiting 5s...
📖 Loaded offset: 12
😴 No new CDC records, waiting 5s...
📖 Loaded offset: 12
😴 No new CDC records, waiting 5s...
📖 Loaded offset: 12
😴 No new CDC records, waiting 5s...
📖 Loaded offset: 12
😴 No new CDC records, waiting 5s...
📖 Loaded offset: 12
😴 No new CDC records, waiting 5s...
📖 Loaded offset: 12
😴 No new CDC records, waiting 5s...
📖 Loaded offset: 12
😴 No new CDC records, waiting 5s...
📖 Loaded offset: 12
😴 No new CDC records, waiting 5s...
📖 Loaded offset: 12
😴 No new CDC records, waiting 5s...
📖 Loaded offset: 12
😴 No new CDC records, waiting 5s...
📖 Loaded offset: 12
😴 No new CDC records, waiting 5s...
📖 Loaded offset: 12
😴 No new CDC records, waiting 5s...
📖 Loaded offset: 12
😴 No new CDC records, waiting 5s...
📖 Loaded offset: 12
😴 No new CDC records, waiting 5s...
📖 Loaded offset: 12
😴 No new CDC records, waiting 5s...
📖 Loaded offset: 12
😴 No new CDC records, waiting 5s...
📖 Loaded offset: 12
😴 No new CDC records, waiting 5s...
📖 Loaded offset: 12
😴 No new CDC records, waiting 5s...
📖 Loaded offset: 12
😴 No new CDC records, waiting 5s...
📖 Loaded offset: 12
📊 Fetched 1 CDC records (action_id 13 to 13)
📦 Processing 1 records...
✅ Batch complete. Last action_id: 13
📖 Loaded offset: 13
😴 No new CDC records, waiting 5s...
📖 Loaded offset: 13
😴 No new CDC records, waiting 5s...
📖 Loaded offset: 13
😴 No new CDC records, waiting 5s...
📖 Loaded offset: 13
😴 No new CDC records, waiting 5s...
📖 Loaded offset: 13
😴 No new CDC records, waiting 5s...
📖 Loaded offset: 13
😴 No new CDC records, waiting 5s...
📖 Loaded offset: 13
😴 No new CDC records, waiting 5s...
📖 Loaded offset: 13
😴 No new CDC records, waiting 5s...
📖 Loaded offset: 13
😴 No new CDC records, waiting 5s...
📖 Loaded offset: 13
😴 No new CDC records, waiting 5s...
📖 Loaded offset: 13
😴 No new CDC records, waiting 5s...
📖 Loaded offset: 13
😴 No new CDC records, waiting 5s...
📖 Loaded offset: 13
😴 No new CDC records, waiting 5s...
📖 Loaded offset: 13
😴 No new CDC records, waiting 5s...
📖 Loaded offset: 13
😴 No new CDC records, waiting 5s...
📖 Loaded offset: 13
😴 No new CDC records, waiting 5s...
📖 Loaded offset: 13
😴 No new CDC records, waiting 5s...
📖 Loaded offset: 13
😴 No new CDC records, waiting 5s...
📖 Loaded offset: 13
😴 No new CDC records, waiting 5s...
📖 Loaded offset: 13
😴 No new CDC records, waiting 5s...
📖 Loaded offset: 13
😴 No new CDC records, waiting 5s...
📖 Loaded offset: 13
😴 No new CDC records, waiting 5s...
📖 Loaded offset: 13
😴 No new CDC records, waiting 5s...
📖 Loaded offset: 13
😴 No new CDC records, waiting 5s...
📖 Loaded offset: 13
😴 No new CDC records, waiting 5s...
📖 Loaded offset: 13
😴 No new CDC records, waiting 5s...
📖 Loaded offset: 13
😴 No new CDC records, waiting 5s...
📖 Loaded offset: 13
😴 No new CDC records, waiting 5s...
📖 Loaded offset: 13
😴 No new CDC records, waiting 5s...
📖 Loaded offset: 13
😴 No new CDC records, waiting 5s...
📖 Loaded offset: 13
😴 No new CDC records, waiting 5s...
📖 Loaded offset: 13
😴 No new CDC records, waiting 5s...
📖 Loaded offset: 13
😴 No new CDC records, waiting 5s...
📖 Loaded offset: 13
😴 No new CDC records, waiting 5s...
📖 Loaded offset: 13
😴 No new CDC records, waiting 5s...
📖 Loaded offset: 13
😴 No new CDC records, waiting 5s...
📖 Loaded offset: 13
😴 No new CDC records, waiting 5s...
📖 Loaded offset: 13
😴 No new CDC records, waiting 5s...
📖 Loaded offset: 13
😴 No new CDC records, waiting 5s...
📖 Loaded offset: 13
😴 No new CDC records, waiting 5s...
📖 Loaded offset: 13
😴 No new CDC records, waiting 5s...
📖 Loaded offset: 13
😴 No new CDC records, waiting 5s...
📖 Loaded offset: 13
😴 No new CDC records, waiting 5s...
📖 Loaded offset: 13
😴 No new CDC records, waiting 5s...
📖 Loaded offset: 13
😴 No new CDC records, waiting 5s...
📖 Loaded offset: 13
😴 No new CDC records, waiting 5s...
📖 Loaded offset: 13
😴 No new CDC records, waiting 5s...
📖 Loaded offset: 13
😴 No new CDC records, waiting 5s...
📖 Loaded offset: 13
😴 No new CDC records, waiting 5s...
📖 Loaded offset: 13
😴 No new CDC records, waiting 5s...
📖 Loaded offset: 13
😴 No new CDC records, waiting 5s...
